// Jest Snapshot v1, https://goo.gl/fbAQLP

exports[`Button should render the button 1`] = `
<View
  accessibilityComponentType={undefined}
  accessibilityLabel={undefined}
  accessibilityTraits={undefined}
  accessible={true}
  collapsable={undefined}
  hitSlop={undefined}
  isTVSelectable={true}
  nativeID={undefined}
  onLayout={undefined}
  onResponderGrant={[Function]}
  onResponderMove={[Function]}
  onResponderRelease={[Function]}
  onResponderTerminate={[Function]}
  onResponderTerminationRequest={[Function]}
  onStartShouldSetResponder={[Function]}
  style={
    Object {
      "alignItems": "center",
      "justifyContent": "center",
      "marginVertical": 8,
      "minHeight": 48,
      "opacity": 1,
    }
  }
  testID={undefined}
  tvParallaxProperties={undefined}
>
  <View
    style={
      Object {
        "alignSelf": "stretch",
        "backgroundColor": "#05A5D1",
        "height": 36,
        "justifyContent": "center",
        "paddingHorizontal": 8,
      }
    }
  >
    <Text
      accessible={true}
      allowFontScaling={true}
      disabled={false}
      ellipsizeMode="tail"
      style={
        Array [
          Object {
            "color": "#FAFAFA",
            "fontSize": 13,
            "textAlign": "center",
          },
        ]
      }
    >
      HELLO
    </Text>
  </View>
</View>
`;
