// Jest Snapshot v1, https://goo.gl/fbAQLP

exports[`HorizontalSlider should render the horizontal slider 1`] = `
<View
  style={
    Object {
      "marginBottom": 16,
      "marginTop": 32,
    }
  }
>
  <RCTScrollView
    contentContainerStyle={
      Object {
        "paddingLeft": 16,
        "paddingRight": 16,
      }
    }
    horizontal={true}
    showsHorizontalScrollIndicator={false}
  >
    <View>
      <Text
        accessible={true}
        allowFontScaling={true}
        disabled={false}
        ellipsizeMode="tail"
      >
        Test
      </Text>
      <Text
        accessible={true}
        allowFontScaling={true}
        disabled={false}
        ellipsizeMode="tail"
      >
        Test 2
      </Text>
    </View>
  </RCTScrollView>
</View>
`;
